teacher 431 wide selected 0.003 600 report 0.11524473689496517
teacher 431 narrow33 selected 0.003 600 report 0.3137052059173584
teacher 431 narrow40 selected 0.003 600 report 0.28374359011650085
teacher 431 narrow27 selected 0.003 600 report 0.351679265499115
teacher 431 blockshuffle selected 0.003 600 report 0.3352016359567642
teacher 431 greedy selected 0.001 600 report 0.4950537160038948
teacher 431 balanced selected 0.003 600 report 0.3590317890048027
teacher 443 narrow33 selected 0.003 600 report 0.32672925293445587
teacher 443 narrow40 selected 0.003 600 report 0.30164453387260437
teacher 443 narrow27 selected 0.003 600 report 0.3743255138397217
teacher 443 blockshuffle selected 0.003 600 report 0.3515274003148079
teacher 443 greedy selected 0.003 600 report 0.515099510550499
teacher 443 balanced selected 0.003 600 report 0.37465715408325195
teacher 443 wide selected 0.003 600 report 0.12264805100858212
teacher 457 narrow40 selected 0.003 600 report 0.29431556165218353
teacher 457 narrow27 selected 0.003 600 report 0.36332567036151886
teacher 457 blockshuffle selected 0.003 600 report 0.35232169181108475
teacher 457 greedy selected 0.003 600 report 0.5065092146396637
teacher 457 balanced selected 0.003 600 report 0.37196628749370575
teacher 457 wide selected 0.003 600 report 0.11577748879790306
teacher 457 narrow33 selected 0.003 600 report 0.325776644051075
product 431 wide selected 0.003 600 report 0.3820759281516075
product 431 narrow33 selected 0.003 600 report 0.9454492032527924
product 431 narrow40 selected 0.003 600 report 0.8952550441026688
product 431 narrow27 selected 0.003 600 report 0.9644007384777069
product 431 blockshuffle selected 0.003 600 report 0.5551336109638214
product 431 greedy selected 0.003 600 report 0.7583659440279007
product 431 balanced selected 0.003 600 report 0.5688261389732361
product 443 narrow33 selected 0.003 600 report 0.8992902934551239
product 443 narrow40 selected 0.003 600 report 0.8724547326564789
product 443 narrow27 selected 0.003 600 report 0.9191169440746307
product 443 blockshuffle selected 0.003 600 report 0.5444263368844986
product 443 greedy selected 0.003 600 report 0.7383833676576614
product 443 balanced selected 0.003 600 report 0.5714498609304428
product 443 wide selected 0.003 600 report 0.392608679831028
product 457 narrow40 selected 0.003 600 report 0.8759141713380814
product 457 narrow27 selected 0.003 600 report 0.9429067075252533
product 457 blockshuffle selected 0.003 600 report 0.5912787467241287
product 457 greedy selected 0.003 600 report 0.7420543879270554
product 457 balanced selected 0.003 600 report 0.5929768234491348
product 457 wide selected 0.003 600 report 0.34821464866399765
product 457 narrow33 selected 0.003 600 report 0.9245903193950653
